listen
    linemode
        2003 proto tcp
        2003 proto udp
        /tmp/.s.carbon-c-relay.2003 proto unix
    ;

statistics
    submit every 60 seconds
    prefix with carbon.relays.test_hostname
    ;


rewrite env\.app\.POS.\.yadda\.count
    into env.app.POS
    ;
rewrite env\.app\.POS.\.yadda\.count
    into env.app.POS#.yadda.count
    ;

