listen
    linemode
        2003 proto tcp
        2003 proto udp
        /tmp/.s.carbon-c-relay.2003 proto unix
    ;

statistics
    submit every 60 seconds
    prefix with carbon.relays.test_hostname
    ;


rewrite ^(.+)\.win_([^.]+)\.(.+)\.\%_(.+)
    into \1.win_\2.\3.Percent_\4
    ;

