listen
    linemode
        2003 proto tcp
        2003 proto udp
        /tmp/.s.carbon-c-relay.2003 proto unix
    ;

statistics
    submit every 60 seconds
    prefix with carbon.relays.test_hostname
    ;

cluster my_cluster
    forward
        127.0.0.1:2003
    ;
cluster my_homie_cluster
    forward
        127.0.0.1:2004
    ;

match ^awesome\.(.+)
    send to
        my_cluster
        my_homie_cluster
    stop
    ;

